[bootstraplovers.com/bootstrap4/resto-2.3/html/one-page.html]
[backblue.gif]
[fade.gif]
[index.html]
[bootstraplovers.com/bootstrap4/resto-2.3/html/index.html]
[bootstraplovers.com/bootstrap4/resto-2.3/html/assets/images/logo-light.png]
[bootstraplovers.com/bootstrap4/resto-2.3/html/assets/images/logo-dark.png]
[bootstraplovers.com/bootstrap4/resto-2.3/html/assets/images/img-2.jpg]
[bootstraplovers.com/bootstrap4/resto-2.3/html/assets/images/img-1.jpg]
[bootstraplovers.com/bootstrap4/resto-2.3/html/assets/images/img-3.jpg]
[bootstraplovers.com/bootstrap4/resto-2.3/html/assets/images/bg1.jpg]
[bootstraplovers.com/bootstrap4/resto-2.3/html/assets/images/bg2.jpg]
[bootstraplovers.com/bootstrap4/resto-2.3/html/assets/images/bg11.jpg]
[bootstraplovers.com/bootstrap4/resto-2.3/html/assets/images/sign.png]
[bootstraplovers.com/bootstrap4/resto-2.3/html/assets/images/combine1.png]
[bootstraplovers.com/bootstrap4/resto-2.3/html/assets/images/img-5.jpg]
[bootstraplovers.com/bootstrap4/resto-2.3/html/assets/images/img-4.jpg]
[bootstraplovers.com/bootstrap4/resto-2.3/html/assets/images/img-8.jpg]
[bootstraplovers.com/bootstrap4/resto-2.3/html/assets/images/a2.jpg]
[bootstraplovers.com/bootstrap4/resto-2.3/html/assets/images/img-9.jpg]
[bootstraplovers.com/bootstrap4/resto-2.3/html/assets/images/img-7.jpg]
[bootstraplovers.com/bootstrap4/resto-2.3/html/assets/images/img-6.jpg]
[bootstraplovers.com/bootstrap4/resto-2.3/html/assets/images/a3.jpg]
[bootstraplovers.com/bootstrap4/resto-2.3/html/assets/images/avtar-1.jpg]
[bootstraplovers.com/bootstrap4/resto-2.3/html/assets/images/avtar-2.jpg]
[bootstraplovers.com/bootstrap4/resto-2.3/html/assets/images/avtar-3.jpg]
[bootstraplovers.com/bootstrap4/resto-2.3/html/assets/images/chef1.jpg]
[bootstraplovers.com/bootstrap4/resto-2.3/html/assets/images/chef2.jpg]
[bootstraplovers.com/bootstrap4/resto-2.3/html/assets/images/chef3.jpg]
[bootstraplovers.com/bootstrap4/resto-2.3/html/assets/images/chef4.jpg]
[bootstraplovers.com/bootstrap4/resto-2.3/html/assets/images/bg6.jpg]
[bootstraplovers.com/bootstrap4/resto-2.3/html/assets/images/bg4.jpg]
[bootstraplovers.com/bootstrap4/resto-2.3/html/assets/images/bg5.jpg]
[bootstraplovers.com/bootstrap4/resto-2.3/html/assets/images/a1.jpg]
[bootstraplovers.com/bootstrap4/resto-2.3/html/assets/js/plugins/plugins.js]
[bootstraplovers.com/bootstrap4/resto-2.3/html/assets/js/onepage-custom.js]
[bootstraplovers.com/bootstrap4/resto-2.3/html/assets/js/isotope.pkgd.min.js]
[bootstraplovers.com/bootstrap4/resto-2.3/html/assets/js/imagesloaded.pkgd.min.js]
[bootstraplovers.com/bootstrap4/resto-2.3/html/assets/js/bootstrap-clockpicker.min.js]
[bootstraplovers.com/bootstrap4/resto-2.3/html/assets/js/bootstrap-datepicker.min.js]
[bootstraplovers.com/bootstrap4/resto-2.3/html/assets/js/jquery.validate.min.js]
[bootstraplovers.com/bootstrap4/resto-2.3/html/assets/js/reservation-custom.js]
[bootstraplovers.com/bootstrap4/resto-2.3/html/assets/revolution/js/jquery.themepunch.tools.min.js]
[bootstraplovers.com/bootstrap4/resto-2.3/html/assets/revolution/js/jquery.themepunch.revolution.min.js]
[bootstraplovers.com/bootstrap4/resto-2.3/html/assets/revolution/js/extensions/revolution.extension.video.min.js]
[bootstraplovers.com/bootstrap4/resto-2.3/html/assets/revolution/js/extensions/revolution.extension.slideanims.min.js]
[bootstraplovers.com/bootstrap4/resto-2.3/html/assets/revolution/js/extensions/revolution.extension.layeranimation.min.js]
[bootstraplovers.com/bootstrap4/resto-2.3/html/assets/revolution/js/extensions/revolution.extension.navigation.min.js]
[bootstraplovers.com/bootstrap4/resto-2.3/html/assets/revolution/js/extensions/revolution.extension.parallax.min.js]
[bootstraplovers.com/bootstrap4/resto-2.3/html/assets/lightbox-2/js/lightbox.min.js]
[bootstraplovers.com/bootstrap4/resto-2.3/html/assets/js/contact.js]
[bootstraplovers.com/bootstrap4/resto-2.3/html/one-page.html]
[bootstraplovers.com/bootstrap4/resto-2.3/html/assets/js/jquery.gmap.min.js]
[bootstraplovers.com/bootstrap4/resto-2.3/html/assets/fonts/ionicons28b5.eot]
[bootstraplovers.com/bootstrap4/resto-2.3/html/assets/fonts/ionicons28b5.ttf]
[bootstraplovers.com/bootstrap4/resto-2.3/html/assets/fonts/ionicons28b5.woff]
[bootstraplovers.com/bootstrap4/resto-2.3/html/assets/fonts/ionicons28b5.svg]
[bootstraplovers.com/bootstrap4/resto-2.3/html/plugins/pushy/img/arrow.svg]
[bootstraplovers.com/bootstrap4/resto-2.3/html/plugins/flexslider/fonts/flexslider-icon.eot]
[bootstraplovers.com/bootstrap4/resto-2.3/html/plugins/flexslider/fonts/flexslider-icond41d.eot]
[bootstraplovers.com/bootstrap4/resto-2.3/html/plugins/flexslider/fonts/flexslider-icon.woff]
[bootstraplovers.com/bootstrap4/resto-2.3/html/plugins/flexslider/fonts/flexslider-icon.ttf]
[bootstraplovers.com/bootstrap4/resto-2.3/html/plugins/flexslider/fonts/flexslider-icon.svg]
[bootstraplovers.com/bootstrap4/resto-2.3/html/assets/css/plugins/plugins.css]
[bootstraplovers.com/bootstrap4/resto-2.3/html/assets/css/bootstrap-datepicker.min.css]
[bootstraplovers.com/bootstrap4/resto-2.3/html/assets/css/bootstrap-clockpicker.min.css]
[bootstraplovers.com/bootstrap4/resto-2.3/html/assets/lightbox-2/images/close.png]
[bootstraplovers.com/bootstrap4/resto-2.3/html/assets/lightbox-2/images/loading.gif]
[bootstraplovers.com/bootstrap4/resto-2.3/html/assets/lightbox-2/images/prev.png]
[bootstraplovers.com/bootstrap4/resto-2.3/html/assets/lightbox-2/css/lightbox.min.css]
[bootstraplovers.com/bootstrap4/resto-2.3/html/assets/lightbox-2/images/next.png]
[bootstraplovers.com/bootstrap4/resto-2.3/html/assets/revolution/fonts/revicons/revicons90c6.eot]
[bootstraplovers.com/bootstrap4/resto-2.3/html/assets/revolution/fonts/revicons/revicons90c6.woff]
[bootstraplovers.com/bootstrap4/resto-2.3/html/assets/revolution/fonts/revicons/revicons90c6.ttf]
[bootstraplovers.com/bootstrap4/resto-2.3/html/assets/revolution/assets/gridtile.png]
[bootstraplovers.com/bootstrap4/resto-2.3/html/assets/revolution/assets/gridtile_white.png]
[bootstraplovers.com/bootstrap4/resto-2.3/html/assets/revolution/assets/gridtile_3x3.png]
[bootstraplovers.com/bootstrap4/resto-2.3/html/assets/revolution/assets/gridtile_3x3_white.png]
[bootstraplovers.com/bootstrap4/resto-2.3/html/assets/revolution/assets/coloredbg.png]
[bootstraplovers.com/bootstrap4/resto-2.3/html/assets/revolution/assets/loader.gif]
[bootstraplovers.com/bootstrap4/resto-2.3/html/assets/revolution/css/settings.css]
[bootstraplovers.com/bootstrap4/resto-2.3/html/assets/revolution/css/layers.css]
[bootstraplovers.com/bootstrap4/resto-2.3/html/assets/revolution/css/navigation.css]
[bootstraplovers.com/bootstrap4/resto-2.3/html/assets/ionicons/fonts/ionicons28b5.eot]
[bootstraplovers.com/bootstrap4/resto-2.3/html/assets/ionicons/fonts/ionicons28b5.ttf]
[bootstraplovers.com/bootstrap4/resto-2.3/html/assets/ionicons/fonts/ionicons28b5.woff]
[bootstraplovers.com/bootstrap4/resto-2.3/html/assets/css/style.css]
[bootstraplovers.com/bootstrap4/resto-2.3/html/assets/images/bg10.jpg]
[bootstraplovers.com/bootstrap4/resto-2.3/html/assets/images/spanish.png]
[bootstraplovers.com/bootstrap4/resto-2.3/html/assets/images/italy.png]
[bootstraplovers.com/bootstrap4/resto-2.3/html/assets/images/german.png]
[bootstraplovers.com/bootstrap4/resto-2.3/html/assets/images/fr.png]
[bootstraplovers.com/bootstrap4/resto-2.3/html/assets/images/usa-flag.png]
[bootstraplovers.com/bootstrap4/resto-2.3/html/assets/images/jp.png]
[bootstraplovers.com/bootstrap4/resto-2.3/html/assets/images/in.png]
[bootstraplovers.com/bootstrap4/resto-2.3/html/index-video.html]
[bootstraplovers.com/bootstrap4/resto-2.3/html/index-parallax-static.html]
[bootstraplovers.com/bootstrap4/resto-2.3/html/index-left-canvas.html]
[bootstraplovers.com/bootstrap4/resto-2.3/html/index-right-canvas.html]
[bootstraplovers.com/bootstrap4/resto-2.3/html/index-boxed.html]
[bootstraplovers.com/bootstrap4/resto-2.3/html/menu-simple.html]
[bootstraplovers.com/bootstrap4/resto-2.3/html/menu-tiles.html]
[bootstraplovers.com/bootstrap4/resto-2.3/html/menu-grid.html]
[bootstraplovers.com/bootstrap4/resto-2.3/html/blog-rightsidebar.html]
[bootstraplovers.com/bootstrap4/resto-2.3/html/blog-leftsidebar.html]
[bootstraplovers.com/bootstrap4/resto-2.3/html/blog-masonry.html]
[bootstraplovers.com/bootstrap4/resto-2.3/html/blog-fullwidth.html]
[bootstraplovers.com/bootstrap4/resto-2.3/html/blog-post.html]
[bootstraplovers.com/bootstrap4/resto-2.3/html/reservation.html]
[bootstraplovers.com/bootstrap4/resto-2.3/html/about.html]
[bootstraplovers.com/bootstrap4/resto-2.3/html/gallery.html]
[bootstraplovers.com/bootstrap4/resto-2.3/html/contact.html]
[bootstraplovers.com/bootstrap4/resto-2.3/html/login-register.html]
[bootstraplovers.com/bootstrap4/resto-2.3/html/page-full-width.html]
[bootstraplovers.com/bootstrap4/resto-2.3/html/error-404.html]
[bootstraplovers.com/bootstrap4/resto-2.3/html/page-left-sidebar.html]
[bootstraplovers.com/bootstrap4/resto-2.3/html/typography.html]
[bootstraplovers.com/bootstrap4/resto-2.3/html/elements.html]
[bootstraplovers.com/bootstrap4/resto-2.3/html/shop-products.html]
[bootstraplovers.com/bootstrap4/resto-2.3/html/shop-cart.html]
[bootstraplovers.com/bootstrap4/resto-2.3/html/shop-checkout.html]
[bootstraplovers.com/bootstrap4/resto-2.3/html/assets/images/m1.jpg]
[bootstraplovers.com/bootstrap4/resto-2.3/html/index.html]
[bootstraplovers.com/bootstrap4/resto-2.3/html/assets/fonts/ionicons28b5.html]
[bootstraplovers.com/bootstrap4/resto-2.3/html/assets/fonts/ionicons28b5-2.html]
[bootstraplovers.com/bootstrap4/resto-2.3/html/assets/fonts/ionicons28b5-3.html]
[bootstraplovers.com/bootstrap4/resto-2.3/html/assets/fonts/ionicons28b5-4.html]
[bootstraplovers.com/bootstrap4/resto-2.3/html/plugins/pushy/img/arrow.html]
[bootstraplovers.com/bootstrap4/resto-2.3/html/plugins/flexslider/fonts/flexslider-icon.html]
[bootstraplovers.com/bootstrap4/resto-2.3/html/plugins/flexslider/fonts/flexslider-icond41d.html]
[bootstraplovers.com/bootstrap4/resto-2.3/html/plugins/flexslider/fonts/flexslider-icon-2.html]
[bootstraplovers.com/bootstrap4/resto-2.3/html/plugins/flexslider/fonts/flexslider-icon-3.html]
[bootstraplovers.com/bootstrap4/resto-2.3/html/plugins/flexslider/fonts/flexslider-icon-4.html]
[bootstraplovers.com/bootstrap4/resto-2.3/html/assets/revolution/fonts/revicons/revicons90c6.svg]
[bootstraplovers.com/bootstrap4/resto-2.3/html/assets/revolution/css/openhand.html]
[bootstraplovers.com/bootstrap4/resto-2.3/html/assets/revolution/css/closedhand.html]
[bootstraplovers.com/bootstrap4/resto-2.3/html/assets/ionicons/fonts/ionicons28b5.svg]
[bootstraplovers.com/bootstrap4/resto-2.3/html/assets/plugins/pushy/img/arrow.svg]
[bootstraplovers.com/bootstrap4/resto-2.3/html/assets/js/template-custom.js]
[bootstraplovers.com/bootstrap4/resto-2.3/html/assets/images/video-poster.jpg]
[bootstraplovers.com/bootstrap4/resto-2.3/html/index-video.html]
[bootstraplovers.com/bootstrap4/resto-2.3/html/index-parallax-static.html]
[bootstraplovers.com/bootstrap4/resto-2.3/html/assets/revolution/js/extensions/revolution.extension.actions.min.js]
[bootstraplovers.com/bootstrap4/resto-2.3/html/reservation.html.7e.delayed]
[bootstraplovers.com/bootstrap4/resto-2.3/html/index-left-canvas.html]
[bootstraplovers.com/bootstrap4/resto-2.3/html/index-right-canvas.html]
[bootstraplovers.com/bootstrap4/resto-2.3/html/index-boxed.html]
[bootstraplovers.com/bootstrap4/resto-2.3/html/menu-simple.html]
[bootstraplovers.com/bootstrap4/resto-2.3/html/menu-tiles.html]
[bootstraplovers.com/bootstrap4/resto-2.3/html/menu-grid.html]
[bootstraplovers.com/bootstrap4/resto-2.3/html/assets/images/bg8.jpg]
[bootstraplovers.com/bootstrap4/resto-2.3/html/blog-rightsidebar.html]
[bootstraplovers.com/bootstrap4/resto-2.3/html/blog-leftsidebar.html]
[bootstraplovers.com/bootstrap4/resto-2.3/html/assets/images/bg9.jpg]
[bootstraplovers.com/bootstrap4/resto-2.3/html/assets/images/bg3.jpg]
[bootstraplovers.com/bootstrap4/resto-2.3/html/assets/images/bg7.jpg]
[bootstraplovers.com/bootstrap4/resto-2.3/html/assets/js/masonry.pkgd.min.js]
[bootstraplovers.com/bootstrap4/resto-2.3/html/blog-masonry.html]
[bootstraplovers.com/bootstrap4/resto-2.3/html/blog-fullwidth.html]
[bootstraplovers.com/bootstrap4/resto-2.3/html/blog-post.html]
[bootstraplovers.com/bootstrap4/resto-2.3/html/reservation.html]
[bootstraplovers.com/bootstrap4/resto-2.3/html/assets/images/founder.png]
[bootstraplovers.com/bootstrap4/resto-2.3/html/about.html]
[bootstraplovers.com/bootstrap4/resto-2.3/html/gallery.html]
[bootstraplovers.com/bootstrap4/resto-2.3/html/contact.html]
[bootstraplovers.com/bootstrap4/resto-2.3/html/login-register.html]
[bootstraplovers.com/bootstrap4/resto-2.3/html/page-full-width.html]
[bootstraplovers.com/bootstrap4/resto-2.3/html/error-404.html]
[bootstraplovers.com/bootstrap4/resto-2.3/html/page-left-sidebar.html]
[bootstraplovers.com/bootstrap4/resto-2.3/html/typography.html]
[bootstraplovers.com/bootstrap4/resto-2.3/html/elements.html]
[bootstraplovers.com/bootstrap4/resto-2.3/html/shop-products.html]
[bootstraplovers.com/bootstrap4/resto-2.3/html/shop-cart.html]
[bootstraplovers.com/bootstrap4/resto-2.3/html/shop-checkout.html]
[bootstraplovers.com/bootstrap4/resto-2.3/html/reservation.html.html]
[bootstraplovers.com/bootstrap4/resto-2.3/html/assets/images/paypal.jpg]
